{
    "pipeline": "pipeline_id",
    "job details": {
        "job category": "preprocessing",
        "job name": "ededup",
        "job type": "ray",
        "job id": "job_id",
        "start_time": "2024-03-09 17:15:50",
        "end_time": "2024-03-09 17:15:52",
        "status": "success"
    },
    "code": {
        "github": "github",
        "commit_hash": "12345",
        "path": "path"
    },
    "job_input_params": {
        "doc_column": "contents",
        "hash_cpu": 0.5,
        "num_hashes": 2,
        "checkpointing": false,
        "max_files": -1,
        "number of workers": 3,
        "worker options": {
            "num_cpus": 0.8
        },
        "actor creation delay": 0
    },
    "execution_stats": {
        "cpus": 16,
        "gpus": 0,
        "memory": 11.73459243774414,
        "object_store": 2.0
    },
    "job_output_stats": {
        "number of hashes": 3,
        "hash memory, GB": 7.180497050285339e-7,
        "de duplication %": 40.0,
        "source_files": 1,
        "source_size": 16534,
        "result_files": 1,
        "result_size": 9086,
        "table_processing": 0.032258033752441406,
        "source_documents": 5,
        "result_documents": 3
    },
    "source": {
        "name": "/Users/boris/Projects/fm-data-engineering/transforms/universal/ededup/test-data/input",
        "type": "path"
    },
    "target": {
        "name": "/Users/boris/Projects/fm-data-engineering/transforms/universal/ededup/test-data/output",
        "type": "path"
    }
}
